m0 triple-angle test: CERTIFIED
small range 0<a<=9/20: CERTIFIED
interior Bernstein certificates:
   1. [9/20,19/40] nu=7 S=11043/2000 lambda=49/50 Y=199/1000 degree=(9,8) min@(9, 0)=92577811623735141906142997/1610612736000000000000000000
   2. [19/40,1/2] nu=7 S=2783/500 lambda=239/250 Y=587/2000 degree=(9,8) min@(9, 0)=1927441872124399/35241984000000000
   3. [1/2,21/40] nu=7 S=2257/400 lambda=1863/2000 Y=91/250 degree=(9,8) min@(9, 0)=230461995028707141798319/4445291151360000000000000
   4. [21/40,11/20] nu=7 S=1151/200 lambda=1811/2000 Y=849/2000 degree=(9,8) min@(9, 0)=464523916465076855591/9494855680000000000000
   5. [11/20,23/40] nu=7 S=11819/2000 lambda=879/1000 Y=477/1000 degree=(9,8) min@(9, 0)=3249402479531992864287158533/70786429747200000000000000000
   6. [23/40,3/5] nu=7 S=764/125 lambda=1699/2000 Y=66/125 degree=(9,8) min@(9, 8)=3305267493880583237450540576/87225227616727352142333984375
   7. [3/5,5/8] nu=7 S=637/100 lambda=817/1000 Y=577/1000 degree=(9,8) min@(9, 8)=202516872298527333744738627377/8253140436516864000000000000000
   8. [5/8,13/20] nu=6 S=13093/2000 lambda=401/500 Y=239/400 degree=(9,8) min@(9, 8)=105764659841805578093552263412670097/8476856156160000000000000000000000000
   9. [13/20,27/40] nu=6 S=13113/2000 lambda=81/100 Y=1173/2000 degree=(9,8) min@(9, 8)=3096042321090968025085362800832236382277943/342456532992000000000000000000000000000000000
  10. [27/40,7/10] nu=6 S=3289/500 lambda=409/500 Y=1151/2000 degree=(9,8) min@(9, 8)=5695432798606075648776913558137477041/942336000000000000000000000000000000000
  11. [7/10,29/40] nu=6 S=529/80 lambda=413/500 Y=141/250 degree=(9,8) min@(9, 8)=55021932470333891031895506582189229891/15224832000000000000000000000000000000000
  12. [29/40,3/4] nu=6 S=6661/1000 lambda=1669/2000 Y=1103/2000 degree=(9,8) min@(9, 8)=10320801967148305507097523660378169/5488230006784000000000000000000000000
  13. [3/4,31/40] nu=6 S=1681/250 lambda=843/1000 Y=269/500 degree=(9,8) min@(9, 8)=6769993742652620379407021199535146161/7769088000000000000000000000000000000000
  14. [31/40,4/5] nu=6 S=1701/250 lambda=213/250 Y=131/250 degree=(9,8) min@(9, 8)=1525995182936088798318336809/3199338912963867187500000000000
  15. [4/5,33/40] nu=6 S=2761/400 lambda=1723/2000 Y=127/250 degree=(9,8) min@(7, 8)=2868145096427379856109762284567757053789/3501356544000000000000000000000000000000000
  16. [33/40,17/20] nu=6 S=14041/2000 lambda=109/125 Y=49/100 degree=(9,8) min@(2, 8)=268739417466468739054892761819327/185157550080000000000000000000000000
  17. [17/20,7/8] nu=6 S=7161/1000 lambda=221/250 Y=187/400 degree=(9,8) min@(0, 8)=83873711025795704221754032213513691/32702484971520000000000000000000000000
  18. [7/8,9/10] nu=6 S=3663/500 lambda=359/400 Y=883/2000 degree=(9,8) min@(0, 8)=147124769074112896191170363052161677/37005438222336000000000000000000000000
global minimum: interval/index (14, (9, 8)) = 1525995182936088798318336809/3199338912963867187500000000000
global minimum > 1/2100
CERTIFIED: P_i(a,y)>0 on all 18 rectangles covering [9/20,9/10].
TIME 0:00.66
