row 37 passed
row 38 passed
row 39 passed
row 40 passed
row 41 passed
row 42 passed
row 43 passed
row 44 passed
row 45 passed
row 46 passed
row 47 passed
row 48 passed
row 49 passed
row 50 passed
row 51 passed
row 52 passed
row 53 passed
row 54 passed
row 55 passed
row 56 passed
row 57 passed
row 58 passed
row 59 passed
row 60 passed
row 61 passed
row 62 passed
row 63 passed
row 64 passed
row 65 passed
row 66 passed
row 67 passed
row 68 passed
row 69 passed
row 70 passed
row 71 passed
row 72 passed
row 73 passed
row 74 passed
row 75 passed
row 76 passed
row 77 passed
row 78 passed
row 79 passed
row 80 passed
row 81 passed
row 82 passed
row 83 passed
row 84 passed
row 85 passed
row 86 passed
row 87 passed
row 88 passed
row 89 passed
INDEPENDENT INTERIOR CHECK PASSED 37 90 530
minimum (79, 8, 24, (0, 10)) 45058983139796685524926594823644404360428645461847246446485612100220619208412093321861327215129570399011637522527195140382473021355471633684555597414983648657597064491401297528945651817/10370977007180405940587551558791900649923973771599482320762175251572904943753172801734763197600841522216796875000000000000000000000000000000000000000000000000000000000000000000000000000000
INDEPENDENT BOUNDARY CHECK PASSED (30, 10) 58783677556526534894130458023382054597437967641316736415627899292265103487584055329979704400730870346517117975645536873614611721987/912101053412329291206924773004784115369169494407806670805684437303796151062630230259438944562244699909570044837892055511474609375000
EXIT 0
