1 92577811623735141906142997/1610612736000000000000000000 (9, 0)
2 1927441872124399/35241984000000000 (9, 0)
3 230461995028707141798319/4445291151360000000000000 (9, 0)
4 464523916465076855591/9494855680000000000000 (9, 0)
5 3249402479531992864287158533/70786429747200000000000000000 (9, 0)
6 3305267493880583237450540576/87225227616727352142333984375 (9, 8)
7 202516872298527333744738627377/8253140436516864000000000000000 (9, 8)
8 105764659841805578093552263412670097/8476856156160000000000000000000000000 (9, 8)
9 3096042321090968025085362800832236382277943/342456532992000000000000000000000000000000000 (9, 8)
10 5695432798606075648776913558137477041/942336000000000000000000000000000000000 (9, 8)
11 55021932470333891031895506582189229891/15224832000000000000000000000000000000000 (9, 8)
12 10320801967148305507097523660378169/5488230006784000000000000000000000000 (9, 8)
13 6769993742652620379407021199535146161/7769088000000000000000000000000000000000 (9, 8)
14 1525995182936088798318336809/3199338912963867187500000000000 (9, 8)
15 2868145096427379856109762284567757053789/3501356544000000000000000000000000000000000 (7, 8)
16 268739417466468739054892761819327/185157550080000000000000000000000000 (2, 8)
17 83873711025795704221754032213513691/32702484971520000000000000000000000000 (0, 8)
18 147124769074112896191170363052161677/37005438222336000000000000000000000000 (0, 8)
GLOBAL 14 (9, 8) 1525995182936088798318336809/3199338912963867187500000000000
CERTIFIED independently by SymPy; global minimum > 1/2100.
TIME 0:11.31
